{
  "wal_compression": "lz4",
  "client_connection_check_interval": "30s",
  "default_toast_compression": "lz4",
  "enable_async_append": "on",
  "autovacuum_vacuum_insert_threshold": "1217",
  "autovacuum_vacuum_insert_scale_factor": "0.01",
  "logical_decoding_work_mem": "64MB",
  "maintenance_io_concurrency": "4",
  "wal_keep_size": "1200MB",
  "hash_mem_multiplier": "8.0",
  "max_parallel_maintenance_workers": "4",
  "max_parallel_workers": "4",
  "max_logical_replication_workers": "6",
  "max_sync_workers_per_subscription": "4",
  "autovacuum": "on",
  "autovacuum_max_workers": "4",
  "autovacuum_work_mem": "42MB",
  "autovacuum_naptime": "20s",
  "autovacuum_vacuum_threshold": "1217",
  "autovacuum_analyze_threshold": "608",
  "autovacuum_vacuum_scale_factor": "0.001",
  "autovacuum_analyze_scale_factor": "0.0007",
  "autovacuum_vacuum_cost_limit": "2068",
  "vacuum_cost_limit": "8000",
  "autovacuum_vacuum_cost_delay": "2ms",
  "vacuum_cost_delay": "10ms",
  "autovacuum_freeze_max_age": "500000000",
  "autovacuum_multixact_freeze_max_age": "800000000",
  "shared_buffers": "396MB",
  "max_connections": "1000",
  "max_files_per_process": "3217",
  "superuser_reserved_connections": "4",
  "work_mem": "10000kB",
  "temp_buffers": "1000kB",
  "maintenance_work_mem": "43MB",
  "huge_pages": "try",
  "fsync": "on",
  "wal_level": "replica",
  "synchronous_commit": "off",
  "full_page_writes": "on",
  "wal_buffers": "18MB",
  "wal_writer_delay": "255ms",
  "wal_writer_flush_after": "1764kB",
  "min_wal_size": "694MB",
  "max_wal_size": "1764MB",
  "max_replication_slots": "10",
  "max_wal_senders": "2",
  "wal_sender_timeout": "300s",
  "wal_log_hints": "on",
  "hot_standby": "on",
  "wal_receiver_timeout": "300s",
  "max_standby_streaming_delay": "-1",
  "wal_receiver_status_interval": "10s",
  "hot_standby_feedback": "on",
  "checkpoint_timeout": "15min",
  "checkpoint_warning": "3min",
  "checkpoint_completion_target": "0.9",
  "commit_delay": "528",
  "commit_siblings": "11",
  "bgwriter_delay": "51ms",
  "bgwriter_lru_maxpages": "505",
  "bgwriter_lru_multiplier": "4",
  "effective_cache_size": "934MB",
  "cpu_operator_cost": "0",
  "default_statistics_target": "100",
  "random_page_cost": "2.5",
  "seq_page_cost": "1",
  "join_collapse_limit": "10",
  "from_collapse_limit": "10",
  "geqo": "on",
  "geqo_threshold": "12",
  "effective_io_concurrency": "4",
  "max_worker_processes": "8",
  "max_parallel_workers_per_gather": "0",
  "max_locks_per_transaction": "110",
  "max_pred_locks_per_transaction": "110",
  "statement_timeout": "86400000",
  "idle_in_transaction_session_timeout": "86400000",
  "old_snapshot_threshold": "4320"
}